error: The `@id` field cannot have a `@default`
 --> 49-default-on-id.vx:4:18
  |
4 |   id    UUID @id @default(uuid())
  |                  ^^^^^^^^^^^^^^^^ write `id UUID @id @generated`; Hibernate generates the id on persist

error: The `@id` field cannot have a `@default`
 --> 49-default-on-id.vx:9:15
  |
9 |   id Long @id @default(1)
  |               ^^^^^^^^^^^ use `@generated`, or assign the id in application code
